// Jest Snapshot v1, https://goo.gl/fbAQLP

exports[`Dropdown Selection should render 1`] = `
<Select
  onChange={[MockFunction]}
  options={
    Array [
      Object {
        "key": "c",
        "text": "C (GCC 6.3)",
        "value": "c",
      },
      Object {
        "key": "cpp",
        "text": "C++ (G++ 6.3)",
        "value": "cpp",
      },
      Object {
        "key": "java",
        "text": "Java (OpenJDK 0.8)",
        "value": "java",
      },
      Object {
        "key": "python",
        "text": "Python (Python 2.7)",
        "value": "python",
      },
      Object {
        "key": "python3",
        "text": "Python (Python 3.6)",
        "value": "python3",
      },
      Object {
        "key": "MIPS",
        "text": "MIPS-IV (Simulator 0.4)",
        "value": "MIPS",
      },
      Object {
        "key": "Verilog",
        "text": "Verilog (iVerilog 10.0)",
        "value": "Verilog",
      },
    ]
  }
  placeholder="Select a language"
  value="c"
/>
`;
