// Jest Snapshot v1, https://goo.gl/fbAQLP

exports[`Component::LanguageDropdown::LanguageDropdown should render with base structure 1`] = `
<Select
  onChange={[MockFunction]}
  options={
    Array [
      Object {
        "key": "c",
        "text": "C (GCC 6.3)",
        "value": "c",
      },
      Object {
        "key": "cpp",
        "text": "C++ (G++ 6.3)",
        "value": "cpp",
      },
      Object {
        "key": "java",
        "text": "Java (OpenJDK 0.8)",
        "value": "java",
      },
      Object {
        "key": "python",
        "text": "Python (Python 2.7)",
        "value": "python",
      },
      Object {
        "key": "python3",
        "text": "Python (Python 3.6)",
        "value": "python3",
      },
      Object {
        "key": "mips",
        "text": "MIPS-IV (Simulator 0.4)",
        "value": "mips",
      },
      Object {
        "key": "verilog",
        "text": "Verilog (iVerilog 10.0)",
        "value": "verilog",
      },
    ]
  }
  placeholder="Select a language"
  value="c"
/>
`;
