// Jest Snapshot v1, https://goo.gl/fbAQLP

exports[`Component::SettingsDropdown should render with base structure 1`] = `
<Popup
  disabled={false}
  eventsEnabled={true}
  offset={0}
  on="click"
  pinned={false}
  position="bottom center"
  trigger={
    <SettingsButton
      SettingsButtonTitle="Settings"
      SettingsOptions={
        Array [
          Object {
            "key": "theme",
            "label": "Dark Mode",
            "state": false,
            "toggleStatus": [MockFunction],
          },
        ]
      }
    />
  }
>
  <Header
    as="h5"
  >
    Settings
  </Header>
  <Checkbox
    checked={false}
    key="theme"
    label="Dark Mode"
    onChange={[MockFunction]}
    type="checkbox"
  />
</Popup>
`;
